

================================================================
== Vitis HLS Report for 'aes_invRound'
================================================================
* Date:           Thu Apr 25 11:55:51 2024

* Version:        2022.1 (Build 3526262 on Mon Apr 18 15:48:16 MDT 2022)
* Project:        AES_PM
* Solution:       solution1 (Vivado IP Flow Target)
* Product family: zynq
* Target device:  xc7z020-clg400-1


================================================================
== Performance Estimates
================================================================
+ Timing: 
    * Summary: 
    +--------+----------+----------+------------+
    |  Clock |  Target  | Estimated| Uncertainty|
    +--------+----------+----------+------------+
    |ap_clk  |  10.00 ns|  5.982 ns|     2.70 ns|
    +--------+----------+----------+------------+

+ Latency: 
    * Summary: 
    +---------+---------+----------+----------+-----+-----+---------+
    |  Latency (cycles) |  Latency (absolute) |  Interval | Pipeline|
    |   min   |   max   |    min   |    max   | min | max |   Type  |
    +---------+---------+----------+----------+-----+-----+---------+
    |       36|       36|  0.360 us|  0.360 us|   37|   37|      yes|
    +---------+---------+----------+----------+-----+-----+---------+

    + Detail: 
        * Instance: 
        +----------------------------------+-----------------------+---------+---------+----------+----------+-----+-----+---------+
        |                                  |                       |  Latency (cycles) |  Latency (absolute) |  Interval | Pipeline|
        |             Instance             |         Module        |   min   |   max   |    min   |    max   | min | max |   Type  |
        +----------------------------------+-----------------------+---------+---------+----------+----------+-----+-----+---------+
        |grp_galois_multiplication_fu_499  |galois_multiplication  |        0|        0|      0 ns|      0 ns|    1|    1|      yes|
        |grp_galois_multiplication_fu_506  |galois_multiplication  |        0|        0|      0 ns|      0 ns|    1|    1|      yes|
        +----------------------------------+-----------------------+---------+---------+----------+----------+-----+-----+---------+

        * Loop: 
        N/A



================================================================
== Utilization Estimates
================================================================
* Summary: 
+-----------------+---------+-----+--------+-------+-----+
|       Name      | BRAM_18K| DSP |   FF   |  LUT  | URAM|
+-----------------+---------+-----+--------+-------+-----+
|DSP              |        -|    -|       -|      -|    -|
|Expression       |        -|    -|       0|    464|    -|
|FIFO             |        -|    -|       -|      -|    -|
|Instance         |        -|    -|       0|    208|    -|
|Memory           |        1|    -|       0|      0|    -|
|Multiplexer      |        -|    -|       -|    807|    -|
|Register         |        -|    -|     413|      -|    -|
+-----------------+---------+-----+--------+-------+-----+
|Total            |        1|    0|     413|   1479|    0|
+-----------------+---------+-----+--------+-------+-----+
|Available        |      280|  220|  106400|  53200|    0|
+-----------------+---------+-----+--------+-------+-----+
|Utilization (%)  |       ~0|    0|      ~0|      2|    0|
+-----------------+---------+-----+--------+-------+-----+

+ Detail: 
    * Instance: 
    +----------------------------------+-----------------------+---------+----+---+-----+-----+
    |             Instance             |         Module        | BRAM_18K| DSP| FF| LUT | URAM|
    +----------------------------------+-----------------------+---------+----+---+-----+-----+
    |grp_galois_multiplication_fu_499  |galois_multiplication  |        0|   0|  0|  104|    0|
    |grp_galois_multiplication_fu_506  |galois_multiplication  |        0|   0|  0|  104|    0|
    +----------------------------------+-----------------------+---------+----+---+-----+-----+
    |Total                             |                       |        0|   0|  0|  208|    0|
    +----------------------------------+-----------------------+---------+----+---+-----+-----+

    * DSP: 
    N/A

    * Memory: 
    +---------+-----------------------------------+---------+---+----+-----+------+-----+------+-------------+
    |  Memory |               Module              | BRAM_18K| FF| LUT| URAM| Words| Bits| Banks| W*Bits*Banks|
    +---------+-----------------------------------+---------+---+----+-----+------+-----+------+-------------+
    |rsbox_U  |aes_invRound_rsbox_ROM_2P_AUTO_1R  |        1|  0|   0|    0|   256|    8|     1|         2048|
    +---------+-----------------------------------+---------+---+----+-----+------+-----+------+-------------+
    |Total    |                                   |        1|  0|   0|    0|   256|    8|     1|         2048|
    +---------+-----------------------------------+---------+---+----+-----+------+-----+------+-------------+

    * FIFO: 
    N/A

    * Expression: 
    +------------------------+----------+----+---+----+------------+------------+
    |      Variable Name     | Operation| DSP| FF| LUT| Bitwidth P0| Bitwidth P1|
    +------------------------+----------+----+---+----+------------+------------+
    |cpy_18_fu_636_p2        |       xor|   0|  0|   8|           8|           8|
    |cpy_19_fu_657_p2        |       xor|   0|  0|   8|           8|           8|
    |cpy_20_fu_590_p2        |       xor|   0|  0|   8|           8|           8|
    |cpy_23_fu_668_p2        |       xor|   0|  0|   8|           8|           8|
    |cpy_26_fu_662_p2        |       xor|   0|  0|   8|           8|           8|
    |cpy_27_fu_673_p2        |       xor|   0|  0|   8|           8|           8|
    |cpy_fu_652_p2           |       xor|   0|  0|   8|           8|           8|
    |grp_fu_536_p2           |       xor|   0|  0|   8|           8|           8|
    |grp_fu_542_p2           |       xor|   0|  0|   8|           8|           8|
    |grp_fu_548_p2           |       xor|   0|  0|   8|           8|           8|
    |xor_ln628_10_fu_886_p2  |       xor|   0|  0|   8|           8|           8|
    |xor_ln628_11_fu_892_p2  |       xor|   0|  0|   8|           8|           8|
    |xor_ln628_1_fu_754_p2   |       xor|   0|  0|   8|           8|           8|
    |xor_ln628_2_fu_826_p2   |       xor|   0|  0|   8|           8|           8|
    |xor_ln628_3_fu_898_p2   |       xor|   0|  0|   8|           8|           8|
    |xor_ln628_4_fu_678_p2   |       xor|   0|  0|   8|           8|           8|
    |xor_ln628_5_fu_683_p2   |       xor|   0|  0|   8|           8|           8|
    |xor_ln628_6_fu_742_p2   |       xor|   0|  0|   8|           8|           8|
    |xor_ln628_7_fu_748_p2   |       xor|   0|  0|   8|           8|           8|
    |xor_ln628_8_fu_814_p2   |       xor|   0|  0|   8|           8|           8|
    |xor_ln628_9_fu_820_p2   |       xor|   0|  0|   8|           8|           8|
    |xor_ln628_fu_688_p2     |       xor|   0|  0|   8|           8|           8|
    |xor_ln632_10_fu_904_p2  |       xor|   0|  0|   8|           8|           8|
    |xor_ln632_11_fu_910_p2  |       xor|   0|  0|   8|           8|           8|
    |xor_ln632_1_fu_772_p2   |       xor|   0|  0|   8|           8|           8|
    |xor_ln632_2_fu_844_p2   |       xor|   0|  0|   8|           8|           8|
    |xor_ln632_3_fu_916_p2   |       xor|   0|  0|   8|           8|           8|
    |xor_ln632_4_fu_694_p2   |       xor|   0|  0|   8|           8|           8|
    |xor_ln632_5_fu_700_p2   |       xor|   0|  0|   8|           8|           8|
    |xor_ln632_6_fu_760_p2   |       xor|   0|  0|   8|           8|           8|
    |xor_ln632_7_fu_766_p2   |       xor|   0|  0|   8|           8|           8|
    |xor_ln632_8_fu_832_p2   |       xor|   0|  0|   8|           8|           8|
    |xor_ln632_9_fu_838_p2   |       xor|   0|  0|   8|           8|           8|
    |xor_ln632_fu_704_p2     |       xor|   0|  0|   8|           8|           8|
    |xor_ln636_10_fu_922_p2  |       xor|   0|  0|   8|           8|           8|
    |xor_ln636_11_fu_928_p2  |       xor|   0|  0|   8|           8|           8|
    |xor_ln636_1_fu_790_p2   |       xor|   0|  0|   8|           8|           8|
    |xor_ln636_2_fu_862_p2   |       xor|   0|  0|   8|           8|           8|
    |xor_ln636_3_fu_934_p2   |       xor|   0|  0|   8|           8|           8|
    |xor_ln636_4_fu_710_p2   |       xor|   0|  0|   8|           8|           8|
    |xor_ln636_5_fu_714_p2   |       xor|   0|  0|   8|           8|           8|
    |xor_ln636_6_fu_778_p2   |       xor|   0|  0|   8|           8|           8|
    |xor_ln636_7_fu_784_p2   |       xor|   0|  0|   8|           8|           8|
    |xor_ln636_8_fu_850_p2   |       xor|   0|  0|   8|           8|           8|
    |xor_ln636_9_fu_856_p2   |       xor|   0|  0|   8|           8|           8|
    |xor_ln636_fu_720_p2     |       xor|   0|  0|   8|           8|           8|
    |xor_ln640_10_fu_940_p2  |       xor|   0|  0|   8|           8|           8|
    |xor_ln640_11_fu_946_p2  |       xor|   0|  0|   8|           8|           8|
    |xor_ln640_1_fu_808_p2   |       xor|   0|  0|   8|           8|           8|
    |xor_ln640_2_fu_880_p2   |       xor|   0|  0|   8|           8|           8|
    |xor_ln640_3_fu_952_p2   |       xor|   0|  0|   8|           8|           8|
    |xor_ln640_4_fu_726_p2   |       xor|   0|  0|   8|           8|           8|
    |xor_ln640_5_fu_731_p2   |       xor|   0|  0|   8|           8|           8|
    |xor_ln640_6_fu_796_p2   |       xor|   0|  0|   8|           8|           8|
    |xor_ln640_7_fu_802_p2   |       xor|   0|  0|   8|           8|           8|
    |xor_ln640_8_fu_868_p2   |       xor|   0|  0|   8|           8|           8|
    |xor_ln640_9_fu_874_p2   |       xor|   0|  0|   8|           8|           8|
    |xor_ln640_fu_736_p2     |       xor|   0|  0|   8|           8|           8|
    +------------------------+----------+----+---+----+------------+------------+
    |Total                   |          |   0|  0| 464|         464|         464|
    +------------------------+----------+----+---+----+------------+------------+

    * Multiplexer: 
    +------------------------------------+-----+-----------+-----+-----------+
    |                Name                | LUT | Input Size| Bits| Total Bits|
    +------------------------------------+-----+-----------+-----+-----------+
    |ap_NS_fsm                           |  168|         38|    1|         38|
    |grp_galois_multiplication_fu_499_a  |   65|         16|    8|        128|
    |grp_galois_multiplication_fu_499_b  |   25|          5|    4|         20|
    |grp_galois_multiplication_fu_506_a  |   65|         16|    8|        128|
    |grp_galois_multiplication_fu_506_b  |   25|          5|    4|         20|
    |reg_519                             |    9|          2|    8|         16|
    |roundKey_address0                   |   48|          9|    4|         36|
    |roundKey_address1                   |   48|          9|    4|         36|
    |rsbox_address0                      |   48|          9|    8|         72|
    |rsbox_address1                      |   48|          9|    8|         72|
    |state_address0                      |   81|         17|    4|         68|
    |state_address1                      |   81|         17|    4|         68|
    |state_d0                            |   48|          9|    8|         72|
    |state_d1                            |   48|          9|    8|         72|
    +------------------------------------+-----+-----------+-----+-----------+
    |Total                               |  807|        170|   81|        846|
    +------------------------------------+-----+-----------+-----+-----------+

    * Register: 
    +---------------------------+----+----+-----+-----------+
    |            Name           | FF | LUT| Bits| Const Bits|
    +---------------------------+----+----+-----+-----------+
    |ap_CS_fsm                  |  37|   0|   37|          0|
    |cpy_18_reg_1260            |   8|   0|    8|          0|
    |cpy_19_reg_1308            |   8|   0|    8|          0|
    |cpy_20_reg_1081            |   8|   0|    8|          0|
    |cpy_21_reg_1161            |   8|   0|    8|          0|
    |cpy_22_reg_1266            |   8|   0|    8|          0|
    |cpy_23_reg_1336            |   8|   0|    8|          0|
    |cpy_24_reg_1118            |   8|   0|    8|          0|
    |cpy_25_reg_1207            |   8|   0|    8|          0|
    |cpy_26_reg_1314            |   8|   0|    8|          0|
    |cpy_27_reg_1342            |   8|   0|    8|          0|
    |cpy_28_reg_1124            |   8|   0|    8|          0|
    |cpy_29_reg_1213            |   8|   0|    8|          0|
    |cpy_30_reg_1320            |   8|   0|    8|          0|
    |cpy_reg_1302               |   8|   0|    8|          0|
    |reg_519                    |   8|   0|    8|          0|
    |reg_524                    |   8|   0|    8|          0|
    |reg_528                    |   8|   0|    8|          0|
    |reg_532                    |   8|   0|    8|          0|
    |reg_554                    |   8|   0|    8|          0|
    |roundKey_load_16_reg_1004  |   8|   0|    8|          0|
    |roundKey_load_17_reg_1040  |   8|   0|    8|          0|
    |roundKey_load_18_reg_1045  |   8|   0|    8|          0|
    |roundKey_load_reg_999      |   8|   0|    8|          0|
    |tmp_47_reg_1229            |   8|   0|    8|          0|
    |tmp_51_reg_1331            |   8|   0|    8|          0|
    |tmp_52_reg_1234            |   8|   0|    8|          0|
    |tmp_53_reg_1282            |   8|   0|    8|          0|
    |tmp_54_reg_1177            |   8|   0|    8|          0|
    |tmp_58_reg_1287            |   8|   0|    8|          0|
    |tmp_59_reg_1182            |   8|   0|    8|          0|
    |tmp_s_reg_1326             |   8|   0|    8|          0|
    |xor_ln628_1_reg_1368       |   8|   0|    8|          0|
    |xor_ln628_2_reg_1388       |   8|   0|    8|          0|
    |xor_ln628_3_reg_1408       |   8|   0|    8|          0|
    |xor_ln628_reg_1348         |   8|   0|    8|          0|
    |xor_ln632_1_reg_1373       |   8|   0|    8|          0|
    |xor_ln632_2_reg_1393       |   8|   0|    8|          0|
    |xor_ln632_3_reg_1413       |   8|   0|    8|          0|
    |xor_ln632_reg_1353         |   8|   0|    8|          0|
    |xor_ln636_1_reg_1378       |   8|   0|    8|          0|
    |xor_ln636_2_reg_1398       |   8|   0|    8|          0|
    |xor_ln636_3_reg_1418       |   8|   0|    8|          0|
    |xor_ln636_reg_1358         |   8|   0|    8|          0|
    |xor_ln640_1_reg_1383       |   8|   0|    8|          0|
    |xor_ln640_2_reg_1403       |   8|   0|    8|          0|
    |xor_ln640_3_reg_1423       |   8|   0|    8|          0|
    |xor_ln640_reg_1363         |   8|   0|    8|          0|
    +---------------------------+----+----+-----+-----------+
    |Total                      | 413|   0|  413|          0|
    +---------------------------+----+----+-----+-----------+



================================================================
== Interface
================================================================
* Summary: 
+-------------------+-----+-----+------------+--------------+--------------+
|     RTL Ports     | Dir | Bits|  Protocol  | Source Object|    C Type    |
+-------------------+-----+-----+------------+--------------+--------------+
|ap_clk             |   in|    1|  ap_ctrl_hs|  aes_invRound|  return value|
|ap_rst             |   in|    1|  ap_ctrl_hs|  aes_invRound|  return value|
|ap_start           |   in|    1|  ap_ctrl_hs|  aes_invRound|  return value|
|ap_done            |  out|    1|  ap_ctrl_hs|  aes_invRound|  return value|
|ap_idle            |  out|    1|  ap_ctrl_hs|  aes_invRound|  return value|
|ap_ready           |  out|    1|  ap_ctrl_hs|  aes_invRound|  return value|
|state_address0     |  out|    4|   ap_memory|         state|         array|
|state_ce0          |  out|    1|   ap_memory|         state|         array|
|state_we0          |  out|    1|   ap_memory|         state|         array|
|state_d0           |  out|    8|   ap_memory|         state|         array|
|state_q0           |   in|    8|   ap_memory|         state|         array|
|state_address1     |  out|    4|   ap_memory|         state|         array|
|state_ce1          |  out|    1|   ap_memory|         state|         array|
|state_we1          |  out|    1|   ap_memory|         state|         array|
|state_d1           |  out|    8|   ap_memory|         state|         array|
|state_q1           |   in|    8|   ap_memory|         state|         array|
|roundKey_address0  |  out|    4|   ap_memory|      roundKey|         array|
|roundKey_ce0       |  out|    1|   ap_memory|      roundKey|         array|
|roundKey_q0        |   in|    8|   ap_memory|      roundKey|         array|
|roundKey_address1  |  out|    4|   ap_memory|      roundKey|         array|
|roundKey_ce1       |  out|    1|   ap_memory|      roundKey|         array|
|roundKey_q1        |   in|    8|   ap_memory|      roundKey|         array|
+-------------------+-----+-----+------------+--------------+--------------+

