

================================================================
== Vitis HLS Report for 'expandKey_Pipeline_expandKeyLoop1'
================================================================
* Date:           Thu Apr 25 11:55:36 2024

* Version:        2022.1 (Build 3526262 on Mon Apr 18 15:48:16 MDT 2022)
* Project:        AES_PM
* Solution:       solution1 (Vivado IP Flow Target)
* Product family: zynq
* Target device:  xc7z020-clg400-1


================================================================
== Performance Estimates
================================================================
+ Timing: 
    * Summary: 
    +--------+----------+----------+------------+
    |  Clock |  Target  | Estimated| Uncertainty|
    +--------+----------+----------+------------+
    |ap_clk  |  10.00 ns|  5.576 ns|     2.70 ns|
    +--------+----------+----------+------------+

+ Latency: 
    * Summary: 
    +---------+---------+-----------+----------+-----+-----+---------+
    |  Latency (cycles) |  Latency (absolute)  |  Interval | Pipeline|
    |   min   |   max   |    min    |    max   | min | max |   Type  |
    +---------+---------+-----------+----------+-----+-----+---------+
    |        7|       11|  70.000 ns|  0.110 us|    7|   11|       no|
    +---------+---------+-----------+----------+-----+-----+---------+

    + Detail: 
        * Instance: 
        N/A

        * Loop: 
        +------------------+---------+---------+----------+-----------+-----------+-------+----------+
        |                  |  Latency (cycles) | Iteration|  Initiation Interval  |  Trip |          |
        |     Loop Name    |   min   |   max   |  Latency |  achieved |   target  | Count | Pipelined|
        +------------------+---------+---------+----------+-----------+-----------+-------+----------+
        |- expandKeyLoop1  |        5|        9|         2|          1|          1|  4 ~ 8|       yes|
        +------------------+---------+---------+----------+-----------+-----------+-------+----------+

============================================================
+ Verbose Summary: Synthesis Manager
============================================================
InlineROM: 1
ExposeGlobal: 0
============================================================
+ Verbose Summary: CDFG Model
============================================================
IsTopModel: 0
ResetActiveHigh: 1
IsCombinational: 0
IsDatapathOnly: 0
HasWiredReturn: 1
HasMFsm: 2
HasVarLatency: 1
IsPipeline: 0
IsRtlPipelined: 0
IsInstanceOverlapped: 0
IsDontTouch: 0
HasImplIP: 0
IsGatedGlobalClock: 0

+ Individual pipeline summary: 
  * Pipeline-0: initiation interval (II) = 1, depth = 3


============================================================
+ Verbose Summary: Schedule
============================================================
* Number of FSM states : 3
* Pipeline : 1
  Pipeline-0 : II = 1, D = 3, States = { 1 2 3 }
* Dataflow Pipeline: 0

* FSM state transitions: 
1 --> 2 
2 --> 3 
3 --> 

* FSM state operations: 

State 1 <SV = 0> <Delay = 1.58>
ST_1 : Operation 5 [1/1] (0.00ns)   --->   "%i_0 = alloca i32 1"   --->   Operation 5 'alloca' 'i_0' <Predicate = true> <Delay = 0.00>
ST_1 : Operation 6 [1/1] (0.00ns)   --->   "%key_read = read i11 @_ssdm_op_Read.ap_auto.i11, i11 %key"   --->   Operation 6 'read' 'key_read' <Predicate = true> <Delay = 0.00>
ST_1 : Operation 7 [1/1] (0.00ns)   --->   "%zext_ln241_read = read i6 @_ssdm_op_Read.ap_auto.i6, i6 %zext_ln241"   --->   Operation 7 'read' 'zext_ln241_read' <Predicate = true> <Delay = 0.00>
ST_1 : Operation 8 [1/1] (0.00ns)   --->   "%zext_ln241_cast = zext i6 %zext_ln241_read"   --->   Operation 8 'zext' 'zext_ln241_cast' <Predicate = true> <Delay = 0.00>
ST_1 : Operation 9 [1/1] (1.58ns)   --->   "%store_ln0 = store i64 0, i64 %i_0"   --->   Operation 9 'store' 'store_ln0' <Predicate = true> <Delay = 1.58>
ST_1 : Operation 10 [1/1] (0.00ns)   --->   "%br_ln0 = br void %for.inc.0"   --->   Operation 10 'br' 'br_ln0' <Predicate = true> <Delay = 0.00>

State 2 <SV = 1> <Delay = 5.34>
ST_2 : Operation 11 [1/1] (0.00ns)   --->   "%i_0_load = load i64 %i_0"   --->   Operation 11 'load' 'i_0_load' <Predicate = true> <Delay = 0.00>
ST_2 : Operation 12 [1/1] (0.00ns)   --->   "%speclooptripcount_ln0 = speclooptripcount void @_ssdm_op_SpecLoopTripCount, i64 4, i64 8, i64 6"   --->   Operation 12 'speclooptripcount' 'speclooptripcount_ln0' <Predicate = true> <Delay = 0.00>
ST_2 : Operation 13 [1/1] (2.77ns)   --->   "%icmp_ln241 = icmp_eq  i64 %i_0_load, i64 %zext_ln241_cast" [Downloads/aes_axis.cpp:241]   --->   Operation 13 'icmp' 'icmp_ln241' <Predicate = true> <Delay = 2.77> <CoreInst = "Cmp">   --->   Core 9 'Cmp' <Latency = 0> <II = 1> <Delay = 2.77> <FuncUnit> <Opcode : 'icmp'> <InPorts = 2> <OutPorts = 1>
ST_2 : Operation 14 [1/1] (0.00ns)   --->   "%br_ln241 = br i1 %icmp_ln241, void %for.inc.split.0, void %for.inc.0.for.end.loopexit_crit_edge.exitStub" [Downloads/aes_axis.cpp:241]   --->   Operation 14 'br' 'br_ln241' <Predicate = true> <Delay = 0.00>
ST_2 : Operation 15 [1/1] (0.00ns)   --->   "%empty = trunc i64 %i_0_load"   --->   Operation 15 'trunc' 'empty' <Predicate = (!icmp_ln241)> <Delay = 0.00>
ST_2 : Operation 16 [1/1] (1.63ns)   --->   "%add_ln244 = add i11 %empty, i11 %key_read" [Downloads/aes_axis.cpp:244]   --->   Operation 16 'add' 'add_ln244' <Predicate = (!icmp_ln241)> <Delay = 1.63> <CoreInst = "Adder">   --->   Core 1 'Adder' <Latency = 0> <II = 1> <Delay = 1.63> <FuncUnit> <Opcode : 'add' 'sub'> <InPorts = 2> <OutPorts = 1>
ST_2 : Operation 17 [1/1] (0.00ns)   --->   "%zext_ln244 = zext i11 %add_ln244" [Downloads/aes_axis.cpp:244]   --->   Operation 17 'zext' 'zext_ln244' <Predicate = (!icmp_ln241)> <Delay = 0.00>
ST_2 : Operation 18 [1/1] (0.00ns)   --->   "%key_array128_addr = getelementptr i8 %key_array128, i64 0, i64 %zext_ln244" [Downloads/aes_axis.cpp:244]   --->   Operation 18 'getelementptr' 'key_array128_addr' <Predicate = (!icmp_ln241)> <Delay = 0.00>
ST_2 : Operation 19 [2/2] (3.25ns)   --->   "%key_array128_load = load i11 %key_array128_addr" [Downloads/aes_axis.cpp:244]   --->   Operation 19 'load' 'key_array128_load' <Predicate = (!icmp_ln241)> <Delay = 3.25> <CoreInst = "RAM_1WnR">   --->   Core 83 'RAM_1WnR' <Latency = 1> <II = 1> <Delay = 3.25> <Storage> <Opcode : 'load' 'store'> <Ports = 17> <Width = 8> <Depth = 1056> <RAM>
ST_2 : Operation 20 [1/1] (0.00ns)   --->   "%lshr_ln = partselect i7 @_ssdm_op_PartSelect.i7.i64.i32.i32, i64 %i_0_load, i32 1, i32 7" [Downloads/aes_axis.cpp:244]   --->   Operation 20 'partselect' 'lshr_ln' <Predicate = (!icmp_ln241)> <Delay = 0.00>
ST_2 : Operation 21 [1/1] (0.00ns) (grouped into LUT with out node icmp_ln241_1)   --->   "%or_ln241 = or i64 %i_0_load, i64 1" [Downloads/aes_axis.cpp:241]   --->   Operation 21 'or' 'or_ln241' <Predicate = (!icmp_ln241)> <Delay = 0.00>
ST_2 : Operation 22 [1/1] (0.00ns)   --->   "%or_ln241_3 = or i11 %empty, i11 1" [Downloads/aes_axis.cpp:241]   --->   Operation 22 'or' 'or_ln241_3' <Predicate = (!icmp_ln241)> <Delay = 0.00>
ST_2 : Operation 23 [1/1] (2.77ns) (out node of the LUT)   --->   "%icmp_ln241_1 = icmp_eq  i64 %or_ln241, i64 %zext_ln241_cast" [Downloads/aes_axis.cpp:241]   --->   Operation 23 'icmp' 'icmp_ln241_1' <Predicate = (!icmp_ln241)> <Delay = 2.77> <CoreInst = "Cmp">   --->   Core 9 'Cmp' <Latency = 0> <II = 1> <Delay = 2.77> <FuncUnit> <Opcode : 'icmp'> <InPorts = 2> <OutPorts = 1>
ST_2 : Operation 24 [1/1] (0.00ns)   --->   "%br_ln241 = br i1 %icmp_ln241_1, void %for.inc.split.1, void %for.inc.0.for.end.loopexit_crit_edge.exitStub" [Downloads/aes_axis.cpp:241]   --->   Operation 24 'br' 'br_ln241' <Predicate = (!icmp_ln241)> <Delay = 0.00>
ST_2 : Operation 25 [1/1] (1.63ns)   --->   "%add_ln244_1 = add i11 %or_ln241_3, i11 %key_read" [Downloads/aes_axis.cpp:244]   --->   Operation 25 'add' 'add_ln244_1' <Predicate = (!icmp_ln241 & !icmp_ln241_1)> <Delay = 1.63> <CoreInst = "Adder">   --->   Core 1 'Adder' <Latency = 0> <II = 1> <Delay = 1.63> <FuncUnit> <Opcode : 'add' 'sub'> <InPorts = 2> <OutPorts = 1>
ST_2 : Operation 26 [1/1] (0.00ns)   --->   "%zext_ln244_2 = zext i11 %add_ln244_1" [Downloads/aes_axis.cpp:244]   --->   Operation 26 'zext' 'zext_ln244_2' <Predicate = (!icmp_ln241 & !icmp_ln241_1)> <Delay = 0.00>
ST_2 : Operation 27 [1/1] (0.00ns)   --->   "%key_array128_addr_1 = getelementptr i8 %key_array128, i64 0, i64 %zext_ln244_2" [Downloads/aes_axis.cpp:244]   --->   Operation 27 'getelementptr' 'key_array128_addr_1' <Predicate = (!icmp_ln241 & !icmp_ln241_1)> <Delay = 0.00>
ST_2 : Operation 28 [2/2] (3.25ns)   --->   "%key_array128_load_1 = load i11 %key_array128_addr_1" [Downloads/aes_axis.cpp:244]   --->   Operation 28 'load' 'key_array128_load_1' <Predicate = (!icmp_ln241 & !icmp_ln241_1)> <Delay = 3.25> <CoreInst = "RAM_1WnR">   --->   Core 83 'RAM_1WnR' <Latency = 1> <II = 1> <Delay = 3.25> <Storage> <Opcode : 'load' 'store'> <Ports = 17> <Width = 8> <Depth = 1056> <RAM>
ST_2 : Operation 29 [1/1] (0.00ns) (grouped into LUT with out node icmp_ln241_2)   --->   "%or_ln241_1 = or i64 %i_0_load, i64 2" [Downloads/aes_axis.cpp:241]   --->   Operation 29 'or' 'or_ln241_1' <Predicate = (!icmp_ln241 & !icmp_ln241_1)> <Delay = 0.00>
ST_2 : Operation 30 [1/1] (0.00ns)   --->   "%or_ln241_4 = or i11 %empty, i11 2" [Downloads/aes_axis.cpp:241]   --->   Operation 30 'or' 'or_ln241_4' <Predicate = (!icmp_ln241 & !icmp_ln241_1)> <Delay = 0.00>
ST_2 : Operation 31 [1/1] (2.77ns) (out node of the LUT)   --->   "%icmp_ln241_2 = icmp_eq  i64 %or_ln241_1, i64 %zext_ln241_cast" [Downloads/aes_axis.cpp:241]   --->   Operation 31 'icmp' 'icmp_ln241_2' <Predicate = (!icmp_ln241 & !icmp_ln241_1)> <Delay = 2.77> <CoreInst = "Cmp">   --->   Core 9 'Cmp' <Latency = 0> <II = 1> <Delay = 2.77> <FuncUnit> <Opcode : 'icmp'> <InPorts = 2> <OutPorts = 1>
ST_2 : Operation 32 [1/1] (0.00ns)   --->   "%br_ln241 = br i1 %icmp_ln241_2, void %for.inc.split.2, void %for.inc.0.for.end.loopexit_crit_edge.exitStub" [Downloads/aes_axis.cpp:241]   --->   Operation 32 'br' 'br_ln241' <Predicate = (!icmp_ln241 & !icmp_ln241_1)> <Delay = 0.00>
ST_2 : Operation 33 [1/1] (1.63ns)   --->   "%add_ln244_2 = add i11 %or_ln241_4, i11 %key_read" [Downloads/aes_axis.cpp:244]   --->   Operation 33 'add' 'add_ln244_2' <Predicate = (!icmp_ln241 & !icmp_ln241_1 & !icmp_ln241_2)> <Delay = 1.63> <CoreInst = "Adder">   --->   Core 1 'Adder' <Latency = 0> <II = 1> <Delay = 1.63> <FuncUnit> <Opcode : 'add' 'sub'> <InPorts = 2> <OutPorts = 1>
ST_2 : Operation 34 [1/1] (0.00ns)   --->   "%zext_ln244_3 = zext i11 %add_ln244_2" [Downloads/aes_axis.cpp:244]   --->   Operation 34 'zext' 'zext_ln244_3' <Predicate = (!icmp_ln241 & !icmp_ln241_1 & !icmp_ln241_2)> <Delay = 0.00>
ST_2 : Operation 35 [1/1] (0.00ns)   --->   "%key_array128_addr_2 = getelementptr i8 %key_array128, i64 0, i64 %zext_ln244_3" [Downloads/aes_axis.cpp:244]   --->   Operation 35 'getelementptr' 'key_array128_addr_2' <Predicate = (!icmp_ln241 & !icmp_ln241_1 & !icmp_ln241_2)> <Delay = 0.00>
ST_2 : Operation 36 [2/2] (3.25ns)   --->   "%key_array128_load_2 = load i11 %key_array128_addr_2" [Downloads/aes_axis.cpp:244]   --->   Operation 36 'load' 'key_array128_load_2' <Predicate = (!icmp_ln241 & !icmp_ln241_1 & !icmp_ln241_2)> <Delay = 3.25> <CoreInst = "RAM_1WnR">   --->   Core 83 'RAM_1WnR' <Latency = 1> <II = 1> <Delay = 3.25> <Storage> <Opcode : 'load' 'store'> <Ports = 17> <Width = 8> <Depth = 1056> <RAM>
ST_2 : Operation 37 [1/1] (0.00ns) (grouped into LUT with out node icmp_ln241_3)   --->   "%or_ln241_2 = or i64 %i_0_load, i64 3" [Downloads/aes_axis.cpp:241]   --->   Operation 37 'or' 'or_ln241_2' <Predicate = (!icmp_ln241 & !icmp_ln241_1 & !icmp_ln241_2)> <Delay = 0.00>
ST_2 : Operation 38 [1/1] (0.00ns)   --->   "%or_ln241_5 = or i11 %empty, i11 3" [Downloads/aes_axis.cpp:241]   --->   Operation 38 'or' 'or_ln241_5' <Predicate = (!icmp_ln241 & !icmp_ln241_1 & !icmp_ln241_2)> <Delay = 0.00>
ST_2 : Operation 39 [1/1] (2.77ns) (out node of the LUT)   --->   "%icmp_ln241_3 = icmp_eq  i64 %or_ln241_2, i64 %zext_ln241_cast" [Downloads/aes_axis.cpp:241]   --->   Operation 39 'icmp' 'icmp_ln241_3' <Predicate = (!icmp_ln241 & !icmp_ln241_1 & !icmp_ln241_2)> <Delay = 2.77> <CoreInst = "Cmp">   --->   Core 9 'Cmp' <Latency = 0> <II = 1> <Delay = 2.77> <FuncUnit> <Opcode : 'icmp'> <InPorts = 2> <OutPorts = 1>
ST_2 : Operation 40 [1/1] (0.00ns)   --->   "%br_ln241 = br i1 %icmp_ln241_3, void %for.inc.split.3, void %for.inc.0.for.end.loopexit_crit_edge.exitStub" [Downloads/aes_axis.cpp:241]   --->   Operation 40 'br' 'br_ln241' <Predicate = (!icmp_ln241 & !icmp_ln241_1 & !icmp_ln241_2)> <Delay = 0.00>
ST_2 : Operation 41 [1/1] (1.63ns)   --->   "%add_ln244_3 = add i11 %or_ln241_5, i11 %key_read" [Downloads/aes_axis.cpp:244]   --->   Operation 41 'add' 'add_ln244_3' <Predicate = (!icmp_ln241 & !icmp_ln241_1 & !icmp_ln241_2 & !icmp_ln241_3)> <Delay = 1.63> <CoreInst = "Adder">   --->   Core 1 'Adder' <Latency = 0> <II = 1> <Delay = 1.63> <FuncUnit> <Opcode : 'add' 'sub'> <InPorts = 2> <OutPorts = 1>
ST_2 : Operation 42 [1/1] (0.00ns)   --->   "%zext_ln244_5 = zext i11 %add_ln244_3" [Downloads/aes_axis.cpp:244]   --->   Operation 42 'zext' 'zext_ln244_5' <Predicate = (!icmp_ln241 & !icmp_ln241_1 & !icmp_ln241_2 & !icmp_ln241_3)> <Delay = 0.00>
ST_2 : Operation 43 [1/1] (0.00ns)   --->   "%key_array128_addr_3 = getelementptr i8 %key_array128, i64 0, i64 %zext_ln244_5" [Downloads/aes_axis.cpp:244]   --->   Operation 43 'getelementptr' 'key_array128_addr_3' <Predicate = (!icmp_ln241 & !icmp_ln241_1 & !icmp_ln241_2 & !icmp_ln241_3)> <Delay = 0.00>
ST_2 : Operation 44 [2/2] (3.25ns)   --->   "%key_array128_load_3 = load i11 %key_array128_addr_3" [Downloads/aes_axis.cpp:244]   --->   Operation 44 'load' 'key_array128_load_3' <Predicate = (!icmp_ln241 & !icmp_ln241_1 & !icmp_ln241_2 & !icmp_ln241_3)> <Delay = 3.25> <CoreInst = "RAM_1WnR">   --->   Core 83 'RAM_1WnR' <Latency = 1> <II = 1> <Delay = 3.25> <Storage> <Opcode : 'load' 'store'> <Ports = 17> <Width = 8> <Depth = 1056> <RAM>
ST_2 : Operation 45 [1/1] (3.52ns)   --->   "%add_ln241 = add i64 %i_0_load, i64 4" [Downloads/aes_axis.cpp:241]   --->   Operation 45 'add' 'add_ln241' <Predicate = (!icmp_ln241 & !icmp_ln241_1 & !icmp_ln241_2 & !icmp_ln241_3)> <Delay = 3.52> <CoreInst = "Adder">   --->   Core 1 'Adder' <Latency = 0> <II = 1> <Delay = 3.52> <FuncUnit> <Opcode : 'add' 'sub'> <InPorts = 2> <OutPorts = 1>
ST_2 : Operation 46 [1/1] (1.58ns)   --->   "%store_ln241 = store i64 %add_ln241, i64 %i_0" [Downloads/aes_axis.cpp:241]   --->   Operation 46 'store' 'store_ln241' <Predicate = (!icmp_ln241 & !icmp_ln241_1 & !icmp_ln241_2 & !icmp_ln241_3)> <Delay = 1.58>

State 3 <SV = 2> <Delay = 5.57>
ST_3 : Operation 47 [1/1] (0.00ns)   --->   "%specpipeline_ln0 = specpipeline void @_ssdm_op_SpecPipeline, i32 1, i32 0, i32 0, i32 0, void @empty_16" [Downloads/aes_axis.cpp:0]   --->   Operation 47 'specpipeline' 'specpipeline_ln0' <Predicate = (!icmp_ln241)> <Delay = 0.00>
ST_3 : Operation 48 [1/1] (0.00ns)   --->   "%specloopname_ln234 = specloopname void @_ssdm_op_SpecLoopName, void @empty_12" [Downloads/aes_axis.cpp:234]   --->   Operation 48 'specloopname' 'specloopname_ln234' <Predicate = (!icmp_ln241)> <Delay = 0.00>
ST_3 : Operation 49 [1/2] (3.25ns)   --->   "%key_array128_load = load i11 %key_array128_addr" [Downloads/aes_axis.cpp:244]   --->   Operation 49 'load' 'key_array128_load' <Predicate = (!icmp_ln241)> <Delay = 3.25> <CoreInst = "RAM_1WnR">   --->   Core 83 'RAM_1WnR' <Latency = 1> <II = 1> <Delay = 3.25> <Storage> <Opcode : 'load' 'store'> <Ports = 17> <Width = 8> <Depth = 1056> <RAM>
ST_3 : Operation 50 [1/1] (0.00ns)   --->   "%zext_ln244_1 = zext i7 %lshr_ln" [Downloads/aes_axis.cpp:244]   --->   Operation 50 'zext' 'zext_ln244_1' <Predicate = (!icmp_ln241)> <Delay = 0.00>
ST_3 : Operation 51 [1/1] (0.00ns)   --->   "%expandedKey_0_addr = getelementptr i8 %expandedKey_0, i64 0, i64 %zext_ln244_1" [Downloads/aes_axis.cpp:244]   --->   Operation 51 'getelementptr' 'expandedKey_0_addr' <Predicate = (!icmp_ln241)> <Delay = 0.00>
ST_3 : Operation 52 [1/1] (2.32ns)   --->   "%store_ln244 = store i8 %key_array128_load, i7 %expandedKey_0_addr" [Downloads/aes_axis.cpp:244]   --->   Operation 52 'store' 'store_ln244' <Predicate = (!icmp_ln241)> <Delay = 2.32> <CoreInst = "RAM">   --->   Core 82 'RAM' <Latency = 1> <II = 1> <Delay = 2.32> <Storage> <Opcode : 'load' 'store'> <Ports = 2> <Width = 8> <Depth = 120> <RAM>
ST_3 : Operation 53 [1/2] (3.25ns)   --->   "%key_array128_load_1 = load i11 %key_array128_addr_1" [Downloads/aes_axis.cpp:244]   --->   Operation 53 'load' 'key_array128_load_1' <Predicate = (!icmp_ln241 & !icmp_ln241_1)> <Delay = 3.25> <CoreInst = "RAM_1WnR">   --->   Core 83 'RAM_1WnR' <Latency = 1> <II = 1> <Delay = 3.25> <Storage> <Opcode : 'load' 'store'> <Ports = 17> <Width = 8> <Depth = 1056> <RAM>
ST_3 : Operation 54 [1/1] (0.00ns)   --->   "%expandedKey_1_addr = getelementptr i8 %expandedKey_1, i64 0, i64 %zext_ln244_1" [Downloads/aes_axis.cpp:244]   --->   Operation 54 'getelementptr' 'expandedKey_1_addr' <Predicate = (!icmp_ln241 & !icmp_ln241_1)> <Delay = 0.00>
ST_3 : Operation 55 [1/1] (2.32ns)   --->   "%store_ln244 = store i8 %key_array128_load_1, i7 %expandedKey_1_addr" [Downloads/aes_axis.cpp:244]   --->   Operation 55 'store' 'store_ln244' <Predicate = (!icmp_ln241 & !icmp_ln241_1)> <Delay = 2.32> <CoreInst = "RAM">   --->   Core 82 'RAM' <Latency = 1> <II = 1> <Delay = 2.32> <Storage> <Opcode : 'load' 'store'> <Ports = 2> <Width = 8> <Depth = 120> <RAM>
ST_3 : Operation 56 [1/2] (3.25ns)   --->   "%key_array128_load_2 = load i11 %key_array128_addr_2" [Downloads/aes_axis.cpp:244]   --->   Operation 56 'load' 'key_array128_load_2' <Predicate = (!icmp_ln241 & !icmp_ln241_1 & !icmp_ln241_2)> <Delay = 3.25> <CoreInst = "RAM_1WnR">   --->   Core 83 'RAM_1WnR' <Latency = 1> <II = 1> <Delay = 3.25> <Storage> <Opcode : 'load' 'store'> <Ports = 17> <Width = 8> <Depth = 1056> <RAM>
ST_3 : Operation 57 [1/1] (0.00ns)   --->   "%or_ln244 = or i7 %lshr_ln, i7 1" [Downloads/aes_axis.cpp:244]   --->   Operation 57 'or' 'or_ln244' <Predicate = (!icmp_ln241 & !icmp_ln241_1 & !icmp_ln241_2)> <Delay = 0.00>
ST_3 : Operation 58 [1/1] (0.00ns)   --->   "%zext_ln244_4 = zext i7 %or_ln244" [Downloads/aes_axis.cpp:244]   --->   Operation 58 'zext' 'zext_ln244_4' <Predicate = (!icmp_ln241 & !icmp_ln241_1 & !icmp_ln241_2)> <Delay = 0.00>
ST_3 : Operation 59 [1/1] (0.00ns)   --->   "%expandedKey_0_addr_10 = getelementptr i8 %expandedKey_0, i64 0, i64 %zext_ln244_4" [Downloads/aes_axis.cpp:244]   --->   Operation 59 'getelementptr' 'expandedKey_0_addr_10' <Predicate = (!icmp_ln241 & !icmp_ln241_1 & !icmp_ln241_2)> <Delay = 0.00>
ST_3 : Operation 60 [1/1] (2.32ns)   --->   "%store_ln244 = store i8 %key_array128_load_2, i7 %expandedKey_0_addr_10" [Downloads/aes_axis.cpp:244]   --->   Operation 60 'store' 'store_ln244' <Predicate = (!icmp_ln241 & !icmp_ln241_1 & !icmp_ln241_2)> <Delay = 2.32> <CoreInst = "RAM">   --->   Core 82 'RAM' <Latency = 1> <II = 1> <Delay = 2.32> <Storage> <Opcode : 'load' 'store'> <Ports = 2> <Width = 8> <Depth = 120> <RAM>
ST_3 : Operation 61 [1/2] (3.25ns)   --->   "%key_array128_load_3 = load i11 %key_array128_addr_3" [Downloads/aes_axis.cpp:244]   --->   Operation 61 'load' 'key_array128_load_3' <Predicate = (!icmp_ln241 & !icmp_ln241_1 & !icmp_ln241_2 & !icmp_ln241_3)> <Delay = 3.25> <CoreInst = "RAM_1WnR">   --->   Core 83 'RAM_1WnR' <Latency = 1> <II = 1> <Delay = 3.25> <Storage> <Opcode : 'load' 'store'> <Ports = 17> <Width = 8> <Depth = 1056> <RAM>
ST_3 : Operation 62 [1/1] (0.00ns)   --->   "%expandedKey_1_addr_10 = getelementptr i8 %expandedKey_1, i64 0, i64 %zext_ln244_4" [Downloads/aes_axis.cpp:244]   --->   Operation 62 'getelementptr' 'expandedKey_1_addr_10' <Predicate = (!icmp_ln241 & !icmp_ln241_1 & !icmp_ln241_2 & !icmp_ln241_3)> <Delay = 0.00>
ST_3 : Operation 63 [1/1] (2.32ns)   --->   "%store_ln244 = store i8 %key_array128_load_3, i7 %expandedKey_1_addr_10" [Downloads/aes_axis.cpp:244]   --->   Operation 63 'store' 'store_ln244' <Predicate = (!icmp_ln241 & !icmp_ln241_1 & !icmp_ln241_2 & !icmp_ln241_3)> <Delay = 2.32> <CoreInst = "RAM">   --->   Core 82 'RAM' <Latency = 1> <II = 1> <Delay = 2.32> <Storage> <Opcode : 'load' 'store'> <Ports = 2> <Width = 8> <Depth = 120> <RAM>
ST_3 : Operation 64 [1/1] (0.00ns)   --->   "%br_ln241 = br void %for.inc.0" [Downloads/aes_axis.cpp:241]   --->   Operation 64 'br' 'br_ln241' <Predicate = (!icmp_ln241 & !icmp_ln241_1 & !icmp_ln241_2 & !icmp_ln241_3)> <Delay = 0.00>
ST_3 : Operation 65 [1/1] (0.00ns)   --->   "%ret_ln0 = ret"   --->   Operation 65 'ret' 'ret_ln0' <Predicate = (icmp_ln241_3) | (icmp_ln241_2) | (icmp_ln241_1) | (icmp_ln241)> <Delay = 0.00>


============================================================
+ Verbose Summary: Binding
============================================================
STG Binding: 
---------------- STG Properties BEGIN ----------------
- Is combinational: 0
- Is one-state seq: 0
- Is datapath-only: 0
- Is pipelined: 0
- Is top level: 0
Port [ Return ] is wired: 1; IO mode=ap_ctrl_hs:ce=0
Port [ zext_ln241]:  wired=1; compound=0; hidden=0; nouse=0; global=0; static=0; extern=0; dir=0; type=0; pingpong=0; private_global=0; IO mode=ap_none:ce=0
Port [ key]:  wired=1; compound=0; hidden=0; nouse=0; global=0; static=0; extern=0; dir=0; type=0; pingpong=0; private_global=0; IO mode=ap_none:ce=0
Port [ key_array128]:  wired=1; compound=1; hidden=0; nouse=0; global=0; static=0; extern=0; dir=0; type=1; pingpong=0; private_global=0; MemPort=[11113333333333333]; IO mode=ap_memory:ce=0
Port [ expandedKey_1]:  wired=1; compound=1; hidden=0; nouse=0; global=0; static=0; extern=0; dir=1; type=1; pingpong=0; private_global=0; MemPort=[00]; IO mode=ap_memory:ce=0
Port [ expandedKey_0]:  wired=1; compound=1; hidden=0; nouse=0; global=0; static=0; extern=0; dir=1; type=1; pingpong=0; private_global=0; MemPort=[00]; IO mode=ap_memory:ce=0
---------------- STG Properties END ------------------

---------------- Datapath Model BEGIN ----------------

<LifeTime>
<method=bitvector/>
i_0                   (alloca           ) [ 0110]
key_read              (read             ) [ 0110]
zext_ln241_read       (read             ) [ 0000]
zext_ln241_cast       (zext             ) [ 0110]
store_ln0             (store            ) [ 0000]
br_ln0                (br               ) [ 0000]
i_0_load              (load             ) [ 0000]
speclooptripcount_ln0 (speclooptripcount) [ 0000]
icmp_ln241            (icmp             ) [ 0111]
br_ln241              (br               ) [ 0000]
empty                 (trunc            ) [ 0000]
add_ln244             (add              ) [ 0000]
zext_ln244            (zext             ) [ 0000]
key_array128_addr     (getelementptr    ) [ 0101]
lshr_ln               (partselect       ) [ 0101]
or_ln241              (or               ) [ 0000]
or_ln241_3            (or               ) [ 0000]
icmp_ln241_1          (icmp             ) [ 0111]
br_ln241              (br               ) [ 0000]
add_ln244_1           (add              ) [ 0000]
zext_ln244_2          (zext             ) [ 0000]
key_array128_addr_1   (getelementptr    ) [ 0101]
or_ln241_1            (or               ) [ 0000]
or_ln241_4            (or               ) [ 0000]
icmp_ln241_2          (icmp             ) [ 0111]
br_ln241              (br               ) [ 0000]
add_ln244_2           (add              ) [ 0000]
zext_ln244_3          (zext             ) [ 0000]
key_array128_addr_2   (getelementptr    ) [ 0101]
or_ln241_2            (or               ) [ 0000]
or_ln241_5            (or               ) [ 0000]
icmp_ln241_3          (icmp             ) [ 0111]
br_ln241              (br               ) [ 0000]
add_ln244_3           (add              ) [ 0000]
zext_ln244_5          (zext             ) [ 0000]
key_array128_addr_3   (getelementptr    ) [ 0101]
add_ln241             (add              ) [ 0000]
store_ln241           (store            ) [ 0000]
specpipeline_ln0      (specpipeline     ) [ 0000]
specloopname_ln234    (specloopname     ) [ 0000]
key_array128_load     (load             ) [ 0000]
zext_ln244_1          (zext             ) [ 0000]
expandedKey_0_addr    (getelementptr    ) [ 0000]
store_ln244           (store            ) [ 0000]
key_array128_load_1   (load             ) [ 0000]
expandedKey_1_addr    (getelementptr    ) [ 0000]
store_ln244           (store            ) [ 0000]
key_array128_load_2   (load             ) [ 0000]
or_ln244              (or               ) [ 0000]
zext_ln244_4          (zext             ) [ 0000]
expandedKey_0_addr_10 (getelementptr    ) [ 0000]
store_ln244           (store            ) [ 0000]
key_array128_load_3   (load             ) [ 0000]
expandedKey_1_addr_10 (getelementptr    ) [ 0000]
store_ln244           (store            ) [ 0000]
br_ln241              (br               ) [ 0000]
ret_ln0               (ret              ) [ 0000]
</LifeTime>

<model>

<comp_list>
<comp id="0" class="1000" name="zext_ln241">
<pin_list>
<pin id="1" dir="1" index="0" bw="1" slack="0"/>
</pin_list>
<bind>
<StgValue><ssdm name="zext_ln241"/></StgValue>
</bind>
</comp>

<comp id="2" class="1000" name="key">
<pin_list>
<pin id="3" dir="1" index="0" bw="1" slack="0"/>
</pin_list>
<bind>
<StgValue><ssdm name="key"/></StgValue>
</bind>
</comp>

<comp id="4" class="1000" name="key_array128">
<pin_list>
<pin id="5" dir="1" index="0" bw="1" slack="0"/>
</pin_list>
<bind>
<StgValue><ssdm name="key_array128"/><MemPortTyVec>1 1 1 1 3 3 3 3 3 3 3 3 3 3 3 3 3 </MemPortTyVec>
</StgValue>
</bind>
</comp>

<comp id="6" class="1000" name="expandedKey_1">
<pin_list>
<pin id="7" dir="1" index="0" bw="1" slack="0"/>
</pin_list>
<bind>
<StgValue><ssdm name="expandedKey_1"/><MemPortTyVec>0 0 </MemPortTyVec>
</StgValue>
</bind>
</comp>

<comp id="8" class="1000" name="expandedKey_0">
<pin_list>
<pin id="9" dir="1" index="0" bw="1" slack="0"/>
</pin_list>
<bind>
<StgValue><ssdm name="expandedKey_0"/><MemPortTyVec>0 0 </MemPortTyVec>
</StgValue>
</bind>
</comp>

<comp id="10" class="1001" name="const_10">
<pin_list>
<pin id="11" dir="1" index="0" bw="1" slack="0"/>
</pin_list>
<bind>
<StgValue><ssdm name=""/></StgValue>
</bind>
</comp>

<comp id="12" class="1001" name="const_12">
<pin_list>
<pin id="13" dir="1" index="0" bw="1" slack="0"/>
</pin_list>
<bind>
<StgValue><ssdm name="_ssdm_op_Read.ap_auto.i11"/></StgValue>
</bind>
</comp>

<comp id="14" class="1001" name="const_14">
<pin_list>
<pin id="15" dir="1" index="0" bw="1" slack="0"/>
</pin_list>
<bind>
<StgValue><ssdm name="_ssdm_op_Read.ap_auto.i6"/></StgValue>
</bind>
</comp>

<comp id="16" class="1001" name="const_16">
<pin_list>
<pin id="17" dir="1" index="0" bw="1" slack="0"/>
</pin_list>
<bind>
<StgValue><ssdm name=""/></StgValue>
</bind>
</comp>

<comp id="18" class="1001" name="const_18">
<pin_list>
<pin id="19" dir="1" index="0" bw="1" slack="2147483647"/>
</pin_list>
<bind>
<StgValue><ssdm name="_ssdm_op_SpecLoopTripCount"/></StgValue>
</bind>
</comp>

<comp id="20" class="1001" name="const_20">
<pin_list>
<pin id="21" dir="1" index="0" bw="1" slack="0"/>
</pin_list>
<bind>
<StgValue><ssdm name=""/></StgValue>
</bind>
</comp>

<comp id="22" class="1001" name="const_22">
<pin_list>
<pin id="23" dir="1" index="0" bw="1" slack="2147483647"/>
</pin_list>
<bind>
<StgValue><ssdm name=""/></StgValue>
</bind>
</comp>

<comp id="24" class="1001" name="const_24">
<pin_list>
<pin id="25" dir="1" index="0" bw="1" slack="2147483647"/>
</pin_list>
<bind>
<StgValue><ssdm name=""/></StgValue>
</bind>
</comp>

<comp id="26" class="1001" name="const_26">
<pin_list>
<pin id="27" dir="1" index="0" bw="1" slack="0"/>
</pin_list>
<bind>
<StgValue><ssdm name="_ssdm_op_PartSelect.i7.i64.i32.i32"/></StgValue>
</bind>
</comp>

<comp id="28" class="1001" name="const_28">
<pin_list>
<pin id="29" dir="1" index="0" bw="1" slack="0"/>
</pin_list>
<bind>
<StgValue><ssdm name=""/></StgValue>
</bind>
</comp>

<comp id="30" class="1001" name="const_30">
<pin_list>
<pin id="31" dir="1" index="0" bw="1" slack="0"/>
</pin_list>
<bind>
<StgValue><ssdm name=""/></StgValue>
</bind>
</comp>

<comp id="32" class="1001" name="const_32">
<pin_list>
<pin id="33" dir="1" index="0" bw="1" slack="0"/>
</pin_list>
<bind>
<StgValue><ssdm name=""/></StgValue>
</bind>
</comp>

<comp id="34" class="1001" name="const_34">
<pin_list>
<pin id="35" dir="1" index="0" bw="1" slack="0"/>
</pin_list>
<bind>
<StgValue><ssdm name=""/></StgValue>
</bind>
</comp>

<comp id="36" class="1001" name="const_36">
<pin_list>
<pin id="37" dir="1" index="0" bw="1" slack="0"/>
</pin_list>
<bind>
<StgValue><ssdm name=""/></StgValue>
</bind>
</comp>

<comp id="38" class="1001" name="const_38">
<pin_list>
<pin id="39" dir="1" index="0" bw="1" slack="0"/>
</pin_list>
<bind>
<StgValue><ssdm name=""/></StgValue>
</bind>
</comp>

<comp id="40" class="1001" name="const_40">
<pin_list>
<pin id="41" dir="1" index="0" bw="1" slack="0"/>
</pin_list>
<bind>
<StgValue><ssdm name=""/></StgValue>
</bind>
</comp>

<comp id="42" class="1001" name="const_42">
<pin_list>
<pin id="43" dir="1" index="0" bw="1" slack="2147483647"/>
</pin_list>
<bind>
<StgValue><ssdm name="_ssdm_op_SpecPipeline"/></StgValue>
</bind>
</comp>

<comp id="44" class="1001" name="const_44">
<pin_list>
<pin id="45" dir="1" index="0" bw="1" slack="2147483647"/>
</pin_list>
<bind>
<StgValue><ssdm name=""/></StgValue>
</bind>
</comp>

<comp id="46" class="1001" name="const_46">
<pin_list>
<pin id="47" dir="1" index="0" bw="1" slack="2147483647"/>
</pin_list>
<bind>
<StgValue><ssdm name="empty_16"/></StgValue>
</bind>
</comp>

<comp id="48" class="1001" name="const_48">
<pin_list>
<pin id="49" dir="1" index="0" bw="1" slack="2147483647"/>
</pin_list>
<bind>
<StgValue><ssdm name="_ssdm_op_SpecLoopName"/></StgValue>
</bind>
</comp>

<comp id="50" class="1001" name="const_50">
<pin_list>
<pin id="51" dir="1" index="0" bw="1" slack="2147483647"/>
</pin_list>
<bind>
<StgValue><ssdm name="empty_12"/></StgValue>
</bind>
</comp>

<comp id="52" class="1001" name="const_52">
<pin_list>
<pin id="53" dir="1" index="0" bw="1" slack="0"/>
</pin_list>
<bind>
<StgValue><ssdm name=""/></StgValue>
</bind>
</comp>

<comp id="54" class="1004" name="i_0_fu_54">
<pin_list>
<pin id="55" dir="0" index="0" bw="1" slack="0"/>
<pin id="56" dir="1" index="1" bw="64" slack="0"/>
</pin_list>
<bind>
<opcode="alloca(26) " fcode="alloca"/>
<opset="i_0/1 "/>
</bind>
</comp>

<comp id="58" class="1004" name="key_read_read_fu_58">
<pin_list>
<pin id="59" dir="0" index="0" bw="11" slack="0"/>
<pin id="60" dir="0" index="1" bw="11" slack="0"/>
<pin id="61" dir="1" index="2" bw="11" slack="1"/>
</pin_list>
<bind>
<opcode="read(1150) " fcode="read"/>
<opset="key_read/1 "/>
</bind>
</comp>

<comp id="64" class="1004" name="zext_ln241_read_read_fu_64">
<pin_list>
<pin id="65" dir="0" index="0" bw="6" slack="0"/>
<pin id="66" dir="0" index="1" bw="6" slack="0"/>
<pin id="67" dir="1" index="2" bw="6" slack="0"/>
</pin_list>
<bind>
<opcode="read(1150) " fcode="read"/>
<opset="zext_ln241_read/1 "/>
</bind>
</comp>

<comp id="70" class="1004" name="key_array128_addr_gep_fu_70">
<pin_list>
<pin id="71" dir="0" index="0" bw="8" slack="0"/>
<pin id="72" dir="0" index="1" bw="1" slack="0"/>
<pin id="73" dir="0" index="2" bw="11" slack="0"/>
<pin id="74" dir="1" index="3" bw="11" slack="0"/>
</pin_list>
<bind>
<opcode="getelementptr(29) " fcode="getelementptr"/>
<opset="key_array128_addr/2 "/>
</bind>
</comp>

<comp id="77" class="1004" name="grp_access_fu_77">
<pin_list>
<pin id="78" dir="0" index="0" bw="11" slack="0"/>
<pin id="79" dir="0" index="1" bw="8" slack="2147483647"/>
<pin id="80" dir="0" index="2" bw="0" slack="0"/>
<pin id="82" dir="0" index="4" bw="11" slack="2147483647"/>
<pin id="83" dir="0" index="5" bw="8" slack="0"/>
<pin id="84" dir="0" index="6" bw="0" slack="2147483647"/>
<pin id="86" dir="0" index="8" bw="11" slack="0"/>
<pin id="87" dir="0" index="9" bw="8" slack="2147483647"/>
<pin id="88" dir="0" index="10" bw="0" slack="2147483647"/>
<pin id="90" dir="0" index="12" bw="11" slack="2147483647"/>
<pin id="91" dir="0" index="13" bw="8" slack="2147483647"/>
<pin id="92" dir="0" index="14" bw="0" slack="2147483647"/>
<pin id="81" dir="1" index="3" bw="8" slack="0"/>
<pin id="85" dir="1" index="7" bw="8" slack="0"/>
<pin id="89" dir="1" index="11" bw="8" slack="0"/>
<pin id="93" dir="1" index="15" bw="8" slack="0"/>
</pin_list>
<bind>
<opcode="load(27) " fcode="load"/>
<opset="key_array128_load/2 key_array128_load_1/2 key_array128_load_2/2 key_array128_load_3/2 "/>
</bind>
</comp>

<comp id="95" class="1004" name="key_array128_addr_1_gep_fu_95">
<pin_list>
<pin id="96" dir="0" index="0" bw="8" slack="0"/>
<pin id="97" dir="0" index="1" bw="1" slack="0"/>
<pin id="98" dir="0" index="2" bw="11" slack="0"/>
<pin id="99" dir="1" index="3" bw="11" slack="0"/>
</pin_list>
<bind>
<opcode="getelementptr(29) " fcode="getelementptr"/>
<opset="key_array128_addr_1/2 "/>
</bind>
</comp>

<comp id="103" class="1004" name="key_array128_addr_2_gep_fu_103">
<pin_list>
<pin id="104" dir="0" index="0" bw="8" slack="0"/>
<pin id="105" dir="0" index="1" bw="1" slack="0"/>
<pin id="106" dir="0" index="2" bw="11" slack="0"/>
<pin id="107" dir="1" index="3" bw="11" slack="0"/>
</pin_list>
<bind>
<opcode="getelementptr(29) " fcode="getelementptr"/>
<opset="key_array128_addr_2/2 "/>
</bind>
</comp>

<comp id="111" class="1004" name="key_array128_addr_3_gep_fu_111">
<pin_list>
<pin id="112" dir="0" index="0" bw="8" slack="0"/>
<pin id="113" dir="0" index="1" bw="1" slack="0"/>
<pin id="114" dir="0" index="2" bw="11" slack="0"/>
<pin id="115" dir="1" index="3" bw="11" slack="0"/>
</pin_list>
<bind>
<opcode="getelementptr(29) " fcode="getelementptr"/>
<opset="key_array128_addr_3/2 "/>
</bind>
</comp>

<comp id="119" class="1004" name="expandedKey_0_addr_gep_fu_119">
<pin_list>
<pin id="120" dir="0" index="0" bw="8" slack="0"/>
<pin id="121" dir="0" index="1" bw="1" slack="0"/>
<pin id="122" dir="0" index="2" bw="7" slack="0"/>
<pin id="123" dir="1" index="3" bw="7" slack="0"/>
</pin_list>
<bind>
<opcode="getelementptr(29) " fcode="getelementptr"/>
<opset="expandedKey_0_addr/3 "/>
</bind>
</comp>

<comp id="126" class="1004" name="grp_access_fu_126">
<pin_list>
<pin id="127" dir="0" index="0" bw="7" slack="0"/>
<pin id="128" dir="0" index="1" bw="8" slack="0"/>
<pin id="129" dir="0" index="2" bw="0" slack="0"/>
<pin id="131" dir="0" index="4" bw="7" slack="0"/>
<pin id="132" dir="0" index="5" bw="8" slack="2147483647"/>
<pin id="133" dir="0" index="6" bw="0" slack="2147483647"/>
<pin id="130" dir="1" index="3" bw="8" slack="2147483647"/>
<pin id="134" dir="1" index="7" bw="8" slack="2147483647"/>
</pin_list>
<bind>
<opcode="store(28) " fcode="store"/>
<opset="store_ln244/3 store_ln244/3 "/>
</bind>
</comp>

<comp id="137" class="1004" name="expandedKey_1_addr_gep_fu_137">
<pin_list>
<pin id="138" dir="0" index="0" bw="8" slack="0"/>
<pin id="139" dir="0" index="1" bw="1" slack="0"/>
<pin id="140" dir="0" index="2" bw="7" slack="0"/>
<pin id="141" dir="1" index="3" bw="7" slack="0"/>
</pin_list>
<bind>
<opcode="getelementptr(29) " fcode="getelementptr"/>
<opset="expandedKey_1_addr/3 "/>
</bind>
</comp>

<comp id="144" class="1004" name="grp_access_fu_144">
<pin_list>
<pin id="145" dir="0" index="0" bw="7" slack="0"/>
<pin id="146" dir="0" index="1" bw="8" slack="0"/>
<pin id="147" dir="0" index="2" bw="0" slack="0"/>
<pin id="149" dir="0" index="4" bw="7" slack="0"/>
<pin id="150" dir="0" index="5" bw="8" slack="2147483647"/>
<pin id="151" dir="0" index="6" bw="0" slack="2147483647"/>
<pin id="148" dir="1" index="3" bw="8" slack="2147483647"/>
<pin id="152" dir="1" index="7" bw="8" slack="2147483647"/>
</pin_list>
<bind>
<opcode="store(28) " fcode="store"/>
<opset="store_ln244/3 store_ln244/3 "/>
</bind>
</comp>

<comp id="155" class="1004" name="expandedKey_0_addr_10_gep_fu_155">
<pin_list>
<pin id="156" dir="0" index="0" bw="8" slack="0"/>
<pin id="157" dir="0" index="1" bw="1" slack="0"/>
<pin id="158" dir="0" index="2" bw="7" slack="0"/>
<pin id="159" dir="1" index="3" bw="7" slack="0"/>
</pin_list>
<bind>
<opcode="getelementptr(29) " fcode="getelementptr"/>
<opset="expandedKey_0_addr_10/3 "/>
</bind>
</comp>

<comp id="164" class="1004" name="expandedKey_1_addr_10_gep_fu_164">
<pin_list>
<pin id="165" dir="0" index="0" bw="8" slack="0"/>
<pin id="166" dir="0" index="1" bw="1" slack="0"/>
<pin id="167" dir="0" index="2" bw="7" slack="0"/>
<pin id="168" dir="1" index="3" bw="7" slack="0"/>
</pin_list>
<bind>
<opcode="getelementptr(29) " fcode="getelementptr"/>
<opset="expandedKey_1_addr_10/3 "/>
</bind>
</comp>

<comp id="173" class="1004" name="zext_ln241_cast_fu_173">
<pin_list>
<pin id="174" dir="0" index="0" bw="6" slack="0"/>
<pin id="175" dir="1" index="1" bw="64" slack="1"/>
</pin_list>
<bind>
<opcode="zext(34) " fcode="zext"/>
<opset="zext_ln241_cast/1 "/>
</bind>
</comp>

<comp id="177" class="1004" name="store_ln0_store_fu_177">
<pin_list>
<pin id="178" dir="0" index="0" bw="1" slack="0"/>
<pin id="179" dir="0" index="1" bw="64" slack="0"/>
<pin id="180" dir="1" index="2" bw="0" slack="2147483647"/>
</pin_list>
<bind>
<opcode="store(28) " fcode="store"/>
<opset="store_ln0/1 "/>
</bind>
</comp>

<comp id="182" class="1004" name="i_0_load_load_fu_182">
<pin_list>
<pin id="183" dir="0" index="0" bw="64" slack="1"/>
<pin id="184" dir="1" index="1" bw="64" slack="0"/>
</pin_list>
<bind>
<opcode="load(27) " fcode="load"/>
<opset="i_0_load/2 "/>
</bind>
</comp>

<comp id="185" class="1004" name="icmp_ln241_fu_185">
<pin_list>
<pin id="186" dir="0" index="0" bw="64" slack="0"/>
<pin id="187" dir="0" index="1" bw="6" slack="1"/>
<pin id="188" dir="1" index="2" bw="1" slack="1"/>
</pin_list>
<bind>
<opcode="icmp(45) " fcode="icmp"/>
<opset="icmp_ln241/2 "/>
</bind>
</comp>

<comp id="190" class="1004" name="empty_fu_190">
<pin_list>
<pin id="191" dir="0" index="0" bw="64" slack="0"/>
<pin id="192" dir="1" index="1" bw="11" slack="0"/>
</pin_list>
<bind>
<opcode="trunc(33) " fcode="trunc"/>
<opset="empty/2 "/>
</bind>
</comp>

<comp id="194" class="1004" name="add_ln244_fu_194">
<pin_list>
<pin id="195" dir="0" index="0" bw="11" slack="0"/>
<pin id="196" dir="0" index="1" bw="11" slack="1"/>
<pin id="197" dir="1" index="2" bw="11" slack="0"/>
</pin_list>
<bind>
<opcode="add(8) " fcode="add"/>
<opset="add_ln244/2 "/>
</bind>
</comp>

<comp id="199" class="1004" name="zext_ln244_fu_199">
<pin_list>
<pin id="200" dir="0" index="0" bw="11" slack="0"/>
<pin id="201" dir="1" index="1" bw="64" slack="0"/>
</pin_list>
<bind>
<opcode="zext(34) " fcode="zext"/>
<opset="zext_ln244/2 "/>
</bind>
</comp>

<comp id="204" class="1004" name="lshr_ln_fu_204">
<pin_list>
<pin id="205" dir="0" index="0" bw="7" slack="0"/>
<pin id="206" dir="0" index="1" bw="64" slack="0"/>
<pin id="207" dir="0" index="2" bw="1" slack="0"/>
<pin id="208" dir="0" index="3" bw="4" slack="0"/>
<pin id="209" dir="1" index="4" bw="7" slack="1"/>
</pin_list>
<bind>
<opcode="partselect(1002) " fcode="partselect"/>
<opset="lshr_ln/2 "/>
</bind>
</comp>

<comp id="214" class="1004" name="or_ln241_fu_214">
<pin_list>
<pin id="215" dir="0" index="0" bw="64" slack="0"/>
<pin id="216" dir="0" index="1" bw="1" slack="0"/>
<pin id="217" dir="1" index="2" bw="64" slack="0"/>
</pin_list>
<bind>
<opcode="or(24) " fcode="or"/>
<opset="or_ln241/2 "/>
</bind>
</comp>

<comp id="220" class="1004" name="or_ln241_3_fu_220">
<pin_list>
<pin id="221" dir="0" index="0" bw="11" slack="0"/>
<pin id="222" dir="0" index="1" bw="1" slack="0"/>
<pin id="223" dir="1" index="2" bw="11" slack="0"/>
</pin_list>
<bind>
<opcode="or(24) " fcode="or"/>
<opset="or_ln241_3/2 "/>
</bind>
</comp>

<comp id="226" class="1004" name="icmp_ln241_1_fu_226">
<pin_list>
<pin id="227" dir="0" index="0" bw="64" slack="0"/>
<pin id="228" dir="0" index="1" bw="6" slack="1"/>
<pin id="229" dir="1" index="2" bw="1" slack="1"/>
</pin_list>
<bind>
<opcode="icmp(45) " fcode="icmp"/>
<opset="icmp_ln241_1/2 "/>
</bind>
</comp>

<comp id="231" class="1004" name="add_ln244_1_fu_231">
<pin_list>
<pin id="232" dir="0" index="0" bw="11" slack="0"/>
<pin id="233" dir="0" index="1" bw="11" slack="1"/>
<pin id="234" dir="1" index="2" bw="11" slack="0"/>
</pin_list>
<bind>
<opcode="add(8) " fcode="add"/>
<opset="add_ln244_1/2 "/>
</bind>
</comp>

<comp id="236" class="1004" name="zext_ln244_2_fu_236">
<pin_list>
<pin id="237" dir="0" index="0" bw="11" slack="0"/>
<pin id="238" dir="1" index="1" bw="64" slack="0"/>
</pin_list>
<bind>
<opcode="zext(34) " fcode="zext"/>
<opset="zext_ln244_2/2 "/>
</bind>
</comp>

<comp id="241" class="1004" name="or_ln241_1_fu_241">
<pin_list>
<pin id="242" dir="0" index="0" bw="64" slack="0"/>
<pin id="243" dir="0" index="1" bw="3" slack="0"/>
<pin id="244" dir="1" index="2" bw="64" slack="0"/>
</pin_list>
<bind>
<opcode="or(24) " fcode="or"/>
<opset="or_ln241_1/2 "/>
</bind>
</comp>

<comp id="247" class="1004" name="or_ln241_4_fu_247">
<pin_list>
<pin id="248" dir="0" index="0" bw="11" slack="0"/>
<pin id="249" dir="0" index="1" bw="3" slack="0"/>
<pin id="250" dir="1" index="2" bw="11" slack="0"/>
</pin_list>
<bind>
<opcode="or(24) " fcode="or"/>
<opset="or_ln241_4/2 "/>
</bind>
</comp>

<comp id="253" class="1004" name="icmp_ln241_2_fu_253">
<pin_list>
<pin id="254" dir="0" index="0" bw="64" slack="0"/>
<pin id="255" dir="0" index="1" bw="6" slack="1"/>
<pin id="256" dir="1" index="2" bw="1" slack="1"/>
</pin_list>
<bind>
<opcode="icmp(45) " fcode="icmp"/>
<opset="icmp_ln241_2/2 "/>
</bind>
</comp>

<comp id="258" class="1004" name="add_ln244_2_fu_258">
<pin_list>
<pin id="259" dir="0" index="0" bw="11" slack="0"/>
<pin id="260" dir="0" index="1" bw="11" slack="1"/>
<pin id="261" dir="1" index="2" bw="11" slack="0"/>
</pin_list>
<bind>
<opcode="add(8) " fcode="add"/>
<opset="add_ln244_2/2 "/>
</bind>
</comp>

<comp id="263" class="1004" name="zext_ln244_3_fu_263">
<pin_list>
<pin id="264" dir="0" index="0" bw="11" slack="0"/>
<pin id="265" dir="1" index="1" bw="64" slack="0"/>
</pin_list>
<bind>
<opcode="zext(34) " fcode="zext"/>
<opset="zext_ln244_3/2 "/>
</bind>
</comp>

<comp id="268" class="1004" name="or_ln241_2_fu_268">
<pin_list>
<pin id="269" dir="0" index="0" bw="64" slack="0"/>
<pin id="270" dir="0" index="1" bw="3" slack="0"/>
<pin id="271" dir="1" index="2" bw="64" slack="0"/>
</pin_list>
<bind>
<opcode="or(24) " fcode="or"/>
<opset="or_ln241_2/2 "/>
</bind>
</comp>

<comp id="274" class="1004" name="or_ln241_5_fu_274">
<pin_list>
<pin id="275" dir="0" index="0" bw="11" slack="0"/>
<pin id="276" dir="0" index="1" bw="3" slack="0"/>
<pin id="277" dir="1" index="2" bw="11" slack="0"/>
</pin_list>
<bind>
<opcode="or(24) " fcode="or"/>
<opset="or_ln241_5/2 "/>
</bind>
</comp>

<comp id="280" class="1004" name="icmp_ln241_3_fu_280">
<pin_list>
<pin id="281" dir="0" index="0" bw="64" slack="0"/>
<pin id="282" dir="0" index="1" bw="6" slack="1"/>
<pin id="283" dir="1" index="2" bw="1" slack="1"/>
</pin_list>
<bind>
<opcode="icmp(45) " fcode="icmp"/>
<opset="icmp_ln241_3/2 "/>
</bind>
</comp>

<comp id="285" class="1004" name="add_ln244_3_fu_285">
<pin_list>
<pin id="286" dir="0" index="0" bw="11" slack="0"/>
<pin id="287" dir="0" index="1" bw="11" slack="1"/>
<pin id="288" dir="1" index="2" bw="11" slack="0"/>
</pin_list>
<bind>
<opcode="add(8) " fcode="add"/>
<opset="add_ln244_3/2 "/>
</bind>
</comp>

<comp id="290" class="1004" name="zext_ln244_5_fu_290">
<pin_list>
<pin id="291" dir="0" index="0" bw="11" slack="0"/>
<pin id="292" dir="1" index="1" bw="64" slack="0"/>
</pin_list>
<bind>
<opcode="zext(34) " fcode="zext"/>
<opset="zext_ln244_5/2 "/>
</bind>
</comp>

<comp id="295" class="1004" name="add_ln241_fu_295">
<pin_list>
<pin id="296" dir="0" index="0" bw="64" slack="0"/>
<pin id="297" dir="0" index="1" bw="4" slack="0"/>
<pin id="298" dir="1" index="2" bw="64" slack="0"/>
</pin_list>
<bind>
<opcode="add(8) " fcode="add"/>
<opset="add_ln241/2 "/>
</bind>
</comp>

<comp id="301" class="1004" name="store_ln241_store_fu_301">
<pin_list>
<pin id="302" dir="0" index="0" bw="64" slack="0"/>
<pin id="303" dir="0" index="1" bw="64" slack="1"/>
<pin id="304" dir="1" index="2" bw="0" slack="2147483647"/>
</pin_list>
<bind>
<opcode="store(28) " fcode="store"/>
<opset="store_ln241/2 "/>
</bind>
</comp>

<comp id="306" class="1004" name="zext_ln244_1_fu_306">
<pin_list>
<pin id="307" dir="0" index="0" bw="7" slack="1"/>
<pin id="308" dir="1" index="1" bw="64" slack="0"/>
</pin_list>
<bind>
<opcode="zext(34) " fcode="zext"/>
<opset="zext_ln244_1/3 "/>
</bind>
</comp>

<comp id="311" class="1004" name="or_ln244_fu_311">
<pin_list>
<pin id="312" dir="0" index="0" bw="7" slack="1"/>
<pin id="313" dir="0" index="1" bw="1" slack="0"/>
<pin id="314" dir="1" index="2" bw="7" slack="0"/>
</pin_list>
<bind>
<opcode="or(24) " fcode="or"/>
<opset="or_ln244/3 "/>
</bind>
</comp>

<comp id="316" class="1004" name="zext_ln244_4_fu_316">
<pin_list>
<pin id="317" dir="0" index="0" bw="7" slack="0"/>
<pin id="318" dir="1" index="1" bw="64" slack="0"/>
</pin_list>
<bind>
<opcode="zext(34) " fcode="zext"/>
<opset="zext_ln244_4/3 "/>
</bind>
</comp>

<comp id="322" class="1005" name="i_0_reg_322">
<pin_list>
<pin id="323" dir="0" index="0" bw="64" slack="0"/>
<pin id="324" dir="1" index="1" bw="64" slack="0"/>
</pin_list>
<bind>
<opset="i_0 "/>
</bind>
</comp>

<comp id="329" class="1005" name="key_read_reg_329">
<pin_list>
<pin id="330" dir="0" index="0" bw="11" slack="1"/>
<pin id="331" dir="1" index="1" bw="11" slack="1"/>
</pin_list>
<bind>
<opset="key_read "/>
</bind>
</comp>

<comp id="337" class="1005" name="zext_ln241_cast_reg_337">
<pin_list>
<pin id="338" dir="0" index="0" bw="64" slack="1"/>
<pin id="339" dir="1" index="1" bw="64" slack="1"/>
</pin_list>
<bind>
<opset="zext_ln241_cast "/>
</bind>
</comp>

<comp id="345" class="1005" name="icmp_ln241_reg_345">
<pin_list>
<pin id="346" dir="0" index="0" bw="1" slack="1"/>
<pin id="347" dir="1" index="1" bw="1" slack="2147483647"/>
</pin_list>
<bind>
<opset="icmp_ln241 "/>
</bind>
</comp>

<comp id="349" class="1005" name="key_array128_addr_reg_349">
<pin_list>
<pin id="350" dir="0" index="0" bw="11" slack="1"/>
<pin id="351" dir="1" index="1" bw="11" slack="1"/>
</pin_list>
<bind>
<opset="key_array128_addr "/>
</bind>
</comp>

<comp id="354" class="1005" name="lshr_ln_reg_354">
<pin_list>
<pin id="355" dir="0" index="0" bw="7" slack="1"/>
<pin id="356" dir="1" index="1" bw="7" slack="1"/>
</pin_list>
<bind>
<opset="lshr_ln "/>
</bind>
</comp>

<comp id="360" class="1005" name="icmp_ln241_1_reg_360">
<pin_list>
<pin id="361" dir="0" index="0" bw="1" slack="1"/>
<pin id="362" dir="1" index="1" bw="1" slack="2147483647"/>
</pin_list>
<bind>
<opset="icmp_ln241_1 "/>
</bind>
</comp>

<comp id="364" class="1005" name="key_array128_addr_1_reg_364">
<pin_list>
<pin id="365" dir="0" index="0" bw="11" slack="1"/>
<pin id="366" dir="1" index="1" bw="11" slack="1"/>
</pin_list>
<bind>
<opset="key_array128_addr_1 "/>
</bind>
</comp>

<comp id="369" class="1005" name="icmp_ln241_2_reg_369">
<pin_list>
<pin id="370" dir="0" index="0" bw="1" slack="1"/>
<pin id="371" dir="1" index="1" bw="1" slack="2147483647"/>
</pin_list>
<bind>
<opset="icmp_ln241_2 "/>
</bind>
</comp>

<comp id="373" class="1005" name="key_array128_addr_2_reg_373">
<pin_list>
<pin id="374" dir="0" index="0" bw="11" slack="1"/>
<pin id="375" dir="1" index="1" bw="11" slack="1"/>
</pin_list>
<bind>
<opset="key_array128_addr_2 "/>
</bind>
</comp>

<comp id="378" class="1005" name="icmp_ln241_3_reg_378">
<pin_list>
<pin id="379" dir="0" index="0" bw="1" slack="1"/>
<pin id="380" dir="1" index="1" bw="1" slack="2147483647"/>
</pin_list>
<bind>
<opset="icmp_ln241_3 "/>
</bind>
</comp>

<comp id="382" class="1005" name="key_array128_addr_3_reg_382">
<pin_list>
<pin id="383" dir="0" index="0" bw="11" slack="1"/>
<pin id="384" dir="1" index="1" bw="11" slack="1"/>
</pin_list>
<bind>
<opset="key_array128_addr_3 "/>
</bind>
</comp>

</comp_list>

<net_list>
<net id="57"><net_src comp="10" pin="0"/><net_sink comp="54" pin=0"/></net>

<net id="62"><net_src comp="12" pin="0"/><net_sink comp="58" pin=0"/></net>

<net id="63"><net_src comp="2" pin="0"/><net_sink comp="58" pin=1"/></net>

<net id="68"><net_src comp="14" pin="0"/><net_sink comp="64" pin=0"/></net>

<net id="69"><net_src comp="0" pin="0"/><net_sink comp="64" pin=1"/></net>

<net id="75"><net_src comp="4" pin="0"/><net_sink comp="70" pin=0"/></net>

<net id="76"><net_src comp="16" pin="0"/><net_sink comp="70" pin=1"/></net>

<net id="94"><net_src comp="70" pin="3"/><net_sink comp="77" pin=8"/></net>

<net id="100"><net_src comp="4" pin="0"/><net_sink comp="95" pin=0"/></net>

<net id="101"><net_src comp="16" pin="0"/><net_sink comp="95" pin=1"/></net>

<net id="102"><net_src comp="95" pin="3"/><net_sink comp="77" pin=5"/></net>

<net id="108"><net_src comp="4" pin="0"/><net_sink comp="103" pin=0"/></net>

<net id="109"><net_src comp="16" pin="0"/><net_sink comp="103" pin=1"/></net>

<net id="110"><net_src comp="103" pin="3"/><net_sink comp="77" pin=2"/></net>

<net id="116"><net_src comp="4" pin="0"/><net_sink comp="111" pin=0"/></net>

<net id="117"><net_src comp="16" pin="0"/><net_sink comp="111" pin=1"/></net>

<net id="118"><net_src comp="111" pin="3"/><net_sink comp="77" pin=0"/></net>

<net id="124"><net_src comp="8" pin="0"/><net_sink comp="119" pin=0"/></net>

<net id="125"><net_src comp="16" pin="0"/><net_sink comp="119" pin=1"/></net>

<net id="135"><net_src comp="77" pin="15"/><net_sink comp="126" pin=4"/></net>

<net id="136"><net_src comp="119" pin="3"/><net_sink comp="126" pin=2"/></net>

<net id="142"><net_src comp="6" pin="0"/><net_sink comp="137" pin=0"/></net>

<net id="143"><net_src comp="16" pin="0"/><net_sink comp="137" pin=1"/></net>

<net id="153"><net_src comp="77" pin="11"/><net_sink comp="144" pin=4"/></net>

<net id="154"><net_src comp="137" pin="3"/><net_sink comp="144" pin=2"/></net>

<net id="160"><net_src comp="8" pin="0"/><net_sink comp="155" pin=0"/></net>

<net id="161"><net_src comp="16" pin="0"/><net_sink comp="155" pin=1"/></net>

<net id="162"><net_src comp="77" pin="7"/><net_sink comp="126" pin=1"/></net>

<net id="163"><net_src comp="155" pin="3"/><net_sink comp="126" pin=0"/></net>

<net id="169"><net_src comp="6" pin="0"/><net_sink comp="164" pin=0"/></net>

<net id="170"><net_src comp="16" pin="0"/><net_sink comp="164" pin=1"/></net>

<net id="171"><net_src comp="77" pin="3"/><net_sink comp="144" pin=1"/></net>

<net id="172"><net_src comp="164" pin="3"/><net_sink comp="144" pin=0"/></net>

<net id="176"><net_src comp="64" pin="2"/><net_sink comp="173" pin=0"/></net>

<net id="181"><net_src comp="16" pin="0"/><net_sink comp="177" pin=0"/></net>

<net id="189"><net_src comp="182" pin="1"/><net_sink comp="185" pin=0"/></net>

<net id="193"><net_src comp="182" pin="1"/><net_sink comp="190" pin=0"/></net>

<net id="198"><net_src comp="190" pin="1"/><net_sink comp="194" pin=0"/></net>

<net id="202"><net_src comp="194" pin="2"/><net_sink comp="199" pin=0"/></net>

<net id="203"><net_src comp="199" pin="1"/><net_sink comp="70" pin=2"/></net>

<net id="210"><net_src comp="26" pin="0"/><net_sink comp="204" pin=0"/></net>

<net id="211"><net_src comp="182" pin="1"/><net_sink comp="204" pin=1"/></net>

<net id="212"><net_src comp="10" pin="0"/><net_sink comp="204" pin=2"/></net>

<net id="213"><net_src comp="28" pin="0"/><net_sink comp="204" pin=3"/></net>

<net id="218"><net_src comp="182" pin="1"/><net_sink comp="214" pin=0"/></net>

<net id="219"><net_src comp="30" pin="0"/><net_sink comp="214" pin=1"/></net>

<net id="224"><net_src comp="190" pin="1"/><net_sink comp="220" pin=0"/></net>

<net id="225"><net_src comp="32" pin="0"/><net_sink comp="220" pin=1"/></net>

<net id="230"><net_src comp="214" pin="2"/><net_sink comp="226" pin=0"/></net>

<net id="235"><net_src comp="220" pin="2"/><net_sink comp="231" pin=0"/></net>

<net id="239"><net_src comp="231" pin="2"/><net_sink comp="236" pin=0"/></net>

<net id="240"><net_src comp="236" pin="1"/><net_sink comp="95" pin=2"/></net>

<net id="245"><net_src comp="182" pin="1"/><net_sink comp="241" pin=0"/></net>

<net id="246"><net_src comp="34" pin="0"/><net_sink comp="241" pin=1"/></net>

<net id="251"><net_src comp="190" pin="1"/><net_sink comp="247" pin=0"/></net>

<net id="252"><net_src comp="36" pin="0"/><net_sink comp="247" pin=1"/></net>

<net id="257"><net_src comp="241" pin="2"/><net_sink comp="253" pin=0"/></net>

<net id="262"><net_src comp="247" pin="2"/><net_sink comp="258" pin=0"/></net>

<net id="266"><net_src comp="258" pin="2"/><net_sink comp="263" pin=0"/></net>

<net id="267"><net_src comp="263" pin="1"/><net_sink comp="103" pin=2"/></net>

<net id="272"><net_src comp="182" pin="1"/><net_sink comp="268" pin=0"/></net>

<net id="273"><net_src comp="38" pin="0"/><net_sink comp="268" pin=1"/></net>

<net id="278"><net_src comp="190" pin="1"/><net_sink comp="274" pin=0"/></net>

<net id="279"><net_src comp="40" pin="0"/><net_sink comp="274" pin=1"/></net>

<net id="284"><net_src comp="268" pin="2"/><net_sink comp="280" pin=0"/></net>

<net id="289"><net_src comp="274" pin="2"/><net_sink comp="285" pin=0"/></net>

<net id="293"><net_src comp="285" pin="2"/><net_sink comp="290" pin=0"/></net>

<net id="294"><net_src comp="290" pin="1"/><net_sink comp="111" pin=2"/></net>

<net id="299"><net_src comp="182" pin="1"/><net_sink comp="295" pin=0"/></net>

<net id="300"><net_src comp="20" pin="0"/><net_sink comp="295" pin=1"/></net>

<net id="305"><net_src comp="295" pin="2"/><net_sink comp="301" pin=0"/></net>

<net id="309"><net_src comp="306" pin="1"/><net_sink comp="119" pin=2"/></net>

<net id="310"><net_src comp="306" pin="1"/><net_sink comp="137" pin=2"/></net>

<net id="315"><net_src comp="52" pin="0"/><net_sink comp="311" pin=1"/></net>

<net id="319"><net_src comp="311" pin="2"/><net_sink comp="316" pin=0"/></net>

<net id="320"><net_src comp="316" pin="1"/><net_sink comp="155" pin=2"/></net>

<net id="321"><net_src comp="316" pin="1"/><net_sink comp="164" pin=2"/></net>

<net id="325"><net_src comp="54" pin="1"/><net_sink comp="322" pin=0"/></net>

<net id="326"><net_src comp="322" pin="1"/><net_sink comp="177" pin=1"/></net>

<net id="327"><net_src comp="322" pin="1"/><net_sink comp="182" pin=0"/></net>

<net id="328"><net_src comp="322" pin="1"/><net_sink comp="301" pin=1"/></net>

<net id="332"><net_src comp="58" pin="2"/><net_sink comp="329" pin=0"/></net>

<net id="333"><net_src comp="329" pin="1"/><net_sink comp="194" pin=1"/></net>

<net id="334"><net_src comp="329" pin="1"/><net_sink comp="231" pin=1"/></net>

<net id="335"><net_src comp="329" pin="1"/><net_sink comp="258" pin=1"/></net>

<net id="336"><net_src comp="329" pin="1"/><net_sink comp="285" pin=1"/></net>

<net id="340"><net_src comp="173" pin="1"/><net_sink comp="337" pin=0"/></net>

<net id="341"><net_src comp="337" pin="1"/><net_sink comp="185" pin=1"/></net>

<net id="342"><net_src comp="337" pin="1"/><net_sink comp="226" pin=1"/></net>

<net id="343"><net_src comp="337" pin="1"/><net_sink comp="253" pin=1"/></net>

<net id="344"><net_src comp="337" pin="1"/><net_sink comp="280" pin=1"/></net>

<net id="348"><net_src comp="185" pin="2"/><net_sink comp="345" pin=0"/></net>

<net id="352"><net_src comp="70" pin="3"/><net_sink comp="349" pin=0"/></net>

<net id="353"><net_src comp="349" pin="1"/><net_sink comp="77" pin=8"/></net>

<net id="357"><net_src comp="204" pin="4"/><net_sink comp="354" pin=0"/></net>

<net id="358"><net_src comp="354" pin="1"/><net_sink comp="306" pin=0"/></net>

<net id="359"><net_src comp="354" pin="1"/><net_sink comp="311" pin=0"/></net>

<net id="363"><net_src comp="226" pin="2"/><net_sink comp="360" pin=0"/></net>

<net id="367"><net_src comp="95" pin="3"/><net_sink comp="364" pin=0"/></net>

<net id="368"><net_src comp="364" pin="1"/><net_sink comp="77" pin=5"/></net>

<net id="372"><net_src comp="253" pin="2"/><net_sink comp="369" pin=0"/></net>

<net id="376"><net_src comp="103" pin="3"/><net_sink comp="373" pin=0"/></net>

<net id="377"><net_src comp="373" pin="1"/><net_sink comp="77" pin=2"/></net>

<net id="381"><net_src comp="280" pin="2"/><net_sink comp="378" pin=0"/></net>

<net id="385"><net_src comp="111" pin="3"/><net_sink comp="382" pin=0"/></net>

<net id="386"><net_src comp="382" pin="1"/><net_sink comp="77" pin=0"/></net>

</net_list>

</model> 
---------------- Datapath Model END ------------------

* FSMD analyzer results:
  - Output states:
	Port: expandedKey_1 | {3 }
	Port: expandedKey_0 | {3 }
 - Input state : 
	Port: expandKey_Pipeline_expandKeyLoop1 : zext_ln241 | {1 }
	Port: expandKey_Pipeline_expandKeyLoop1 : key | {1 }
	Port: expandKey_Pipeline_expandKeyLoop1 : key_array128 | {2 3 }
  - Chain level:
	State 1
		store_ln0 : 1
	State 2
		icmp_ln241 : 1
		br_ln241 : 2
		empty : 1
		add_ln244 : 2
		zext_ln244 : 3
		key_array128_addr : 4
		key_array128_load : 5
		lshr_ln : 1
		or_ln241 : 1
		or_ln241_3 : 2
		icmp_ln241_1 : 1
		br_ln241 : 2
		add_ln244_1 : 2
		zext_ln244_2 : 3
		key_array128_addr_1 : 4
		key_array128_load_1 : 5
		or_ln241_1 : 1
		or_ln241_4 : 2
		icmp_ln241_2 : 1
		br_ln241 : 2
		add_ln244_2 : 2
		zext_ln244_3 : 3
		key_array128_addr_2 : 4
		key_array128_load_2 : 5
		or_ln241_2 : 1
		or_ln241_5 : 2
		icmp_ln241_3 : 1
		br_ln241 : 2
		add_ln244_3 : 2
		zext_ln244_5 : 3
		key_array128_addr_3 : 4
		key_array128_load_3 : 5
		add_ln241 : 1
		store_ln241 : 2
	State 3
		expandedKey_0_addr : 1
		store_ln244 : 2
		expandedKey_1_addr : 1
		store_ln244 : 2
		expandedKey_0_addr_10 : 1
		store_ln244 : 2
		expandedKey_1_addr_10 : 1
		store_ln244 : 2


============================================================
+ Verbose Summary: Datapath Resource usage 
============================================================

* Functional unit list:
|----------|----------------------------|---------|---------|
| Operation|       Functional Unit      |    FF   |   LUT   |
|----------|----------------------------|---------|---------|
|          |      add_ln244_fu_194      |    0    |    12   |
|          |     add_ln244_1_fu_231     |    0    |    12   |
|    add   |     add_ln244_2_fu_258     |    0    |    12   |
|          |     add_ln244_3_fu_285     |    0    |    12   |
|          |      add_ln241_fu_295      |    0    |    71   |
|----------|----------------------------|---------|---------|
|          |      icmp_ln241_fu_185     |    0    |    29   |
|   icmp   |     icmp_ln241_1_fu_226    |    0    |    29   |
|          |     icmp_ln241_2_fu_253    |    0    |    29   |
|          |     icmp_ln241_3_fu_280    |    0    |    29   |
|----------|----------------------------|---------|---------|
|   read   |     key_read_read_fu_58    |    0    |    0    |
|          | zext_ln241_read_read_fu_64 |    0    |    0    |
|----------|----------------------------|---------|---------|
|          |   zext_ln241_cast_fu_173   |    0    |    0    |
|          |      zext_ln244_fu_199     |    0    |    0    |
|          |     zext_ln244_2_fu_236    |    0    |    0    |
|   zext   |     zext_ln244_3_fu_263    |    0    |    0    |
|          |     zext_ln244_5_fu_290    |    0    |    0    |
|          |     zext_ln244_1_fu_306    |    0    |    0    |
|          |     zext_ln244_4_fu_316    |    0    |    0    |
|----------|----------------------------|---------|---------|
|   trunc  |        empty_fu_190        |    0    |    0    |
|----------|----------------------------|---------|---------|
|partselect|       lshr_ln_fu_204       |    0    |    0    |
|----------|----------------------------|---------|---------|
|          |       or_ln241_fu_214      |    0    |    0    |
|          |      or_ln241_3_fu_220     |    0    |    0    |
|          |      or_ln241_1_fu_241     |    0    |    0    |
|    or    |      or_ln241_4_fu_247     |    0    |    0    |
|          |      or_ln241_2_fu_268     |    0    |    0    |
|          |      or_ln241_5_fu_274     |    0    |    0    |
|          |       or_ln244_fu_311      |    0    |    0    |
|----------|----------------------------|---------|---------|
|   Total  |                            |    0    |   235   |
|----------|----------------------------|---------|---------|

Memories:
N/A

* Register list:
+---------------------------+--------+
|                           |   FF   |
+---------------------------+--------+
|        i_0_reg_322        |   64   |
|    icmp_ln241_1_reg_360   |    1   |
|    icmp_ln241_2_reg_369   |    1   |
|    icmp_ln241_3_reg_378   |    1   |
|     icmp_ln241_reg_345    |    1   |
|key_array128_addr_1_reg_364|   11   |
|key_array128_addr_2_reg_373|   11   |
|key_array128_addr_3_reg_382|   11   |
| key_array128_addr_reg_349 |   11   |
|      key_read_reg_329     |   11   |
|      lshr_ln_reg_354      |    7   |
|  zext_ln241_cast_reg_337  |   64   |
+---------------------------+--------+
|           Total           |   194  |
+---------------------------+--------+

* Multiplexer (MUX) list: 
|------------------|------|------|------|--------||---------||---------|
|       Comp       |  Pin | Size |  BW  | S x BW ||  Delay  ||   LUT   |
|------------------|------|------|------|--------||---------||---------|
| grp_access_fu_77 |  p0  |   2  |  11  |   22   ||    9    |
| grp_access_fu_77 |  p2  |   2  |   0  |    0   ||    9    |
| grp_access_fu_77 |  p5  |   2  |   8  |   16   ||    9    |
| grp_access_fu_77 |  p8  |   2  |  11  |   22   ||    9    |
|------------------|------|------|------|--------||---------||---------|
|       Total      |      |      |      |   60   ||  6.352  ||    36   |
|------------------|------|------|------|--------||---------||---------|



* Summary:
+-----------+--------+--------+--------+
|           |  Delay |   FF   |   LUT  |
+-----------+--------+--------+--------+
|  Function |    -   |    0   |   235  |
|   Memory  |    -   |    -   |    -   |
|Multiplexer|    6   |    -   |   36   |
|  Register |    -   |   194  |    -   |
+-----------+--------+--------+--------+
|   Total   |    6   |   194  |   271  |
+-----------+--------+--------+--------+
